🚀 Starting End-to-End Pipeline Test...

⏳ Stage 1 & 2: Uploading CSV and Training Prophet...
✅ Training successful! (2.33s)
   Forecast 7-day Avg: 81.13 units
   Trend: Increasing

⏳ Stage 3 & 4: Fetching Context and Calling Gemini 2.0 Flash...
✅ Analysis successful! (5.3s)

🌤 Weather Fetched:
📍 Weather Forecast for New York, United States of America:
  • 2026-03-15 | High: 8.4°C | Low: 1.4°C | Wind max: 28.4 km/h | Sunny
  • 2026-03-16 | Hi...

📰 News Fetched:
[News] No relevant news articles found at this time....

🤖 Gemini 2.0 Flash Report Snapshot:
--------------------------------------------------
[Gemini Error] Failed to generate report: 429 RESOURCE_EXHAUSTED. {'error': {'code': 429, 'message': 'You exceeded your current quota, please check your plan and billing details. For more information on this error, head to: https://ai.google.dev/gemini-api/docs/rate-limits. To monitor your current usage, head to: https://ai.dev/rate-limit. \n* Quota exceeded for metric: generativelanguage.googleapis.com/generate_content_free_tier_requests, limit: 0, model: gemini-2.0-flash\n* Quota exceeded for metric: generativelanguage.googleapis.com/generate_content_free_tier_requests, limit: 0, model: gemini-2.0-flash\n* Quota exceeded for metric: generativelanguage.googleapis.com/generate_content_free_tier_input_token_count, limit: 0, model: gemini-2.0-flash\nPlease retry in 46.147059402s.', 'status': 'RESOURCE_EXHAUSTED', 'details': [{'@type': 'type.googleapis.com/google.rpc.Help', 'links': [{'description': 'Learn more about Gemini API quotas', 'url': 'https://ai.google.dev/gemini-api/docs/rate-l...
[Report Truncated]
--------------------------------------------------
